---
source: tui/src/history_cell/tests.rs
assertion_line: 1197
expression: rendered
---
╭───────────────────────────────────────────────────────────────╮
│ ✨ Update available! 0.0.0 -> 9.9.9                           │
│ Managed Codex updates use the release and promotion workflow. │
│                                                               │
│ See full release notes:                                       │
│ https://github.com/openai/codex/releases/latest               │
╰───────────────────────────────────────────────────────────────╯
